../Core/Src/stm32f4xx_it.c:75:6:NMI_Handler	4	static
../Core/Src/stm32f4xx_it.c:90:6:HardFault_Handler	4	static
../Core/Src/stm32f4xx_it.c:105:6:MemManage_Handler	4	static
../Core/Src/stm32f4xx_it.c:120:6:BusFault_Handler	4	static
../Core/Src/stm32f4xx_it.c:135:6:UsageFault_Handler	4	static
../Core/Src/stm32f4xx_it.c:150:6:DebugMon_Handler	4	static
../Core/Src/stm32f4xx_it.c:170:6:DMA1_Stream5_IRQHandler	8	static
../Core/Src/stm32f4xx_it.c:184:6:SPI2_IRQHandler	8	static
../Core/Src/stm32f4xx_it.c:198:6:TIM6_DAC_IRQHandler	8	static
../Core/Src/stm32f4xx_it.c:215:6:DMA2_Stream0_IRQHandler	8	static
